// Jest Snapshot v1, https://goo.gl/fbAQLP

exports[`Testing Login container should match to snapshot 1`] = `
<div>
  <div
    class="wrapper"
  >
    <div
      class="wrapper"
    >
      <label
        class="label"
        for="email"
      >
        email
      </label>
      <input
        class="InputElement"
        name="email"
        type="text"
        value=""
      />
    </div>
    <div
      class="wrapper"
    >
      <label
        class="label"
        for="password"
      >
        password
      </label>
      <input
        class="InputElement"
        name="password"
        type="password"
        value=""
      />
    </div>
    <button
      class="Main Button"
      data-testid="login"
      type="button"
    >
      login
    </button>
    <button
      class="Danger Button"
      data-testid="cancel"
      type="button"
    >
      cancel
    </button>
  </div>
</div>
`;
